=== RESUMEN UPDATE 2026-10-06 14:40 ===

Archivos modificados:
  31 archivos cambiados

Archivos nuevos:
  0 archivos nuevos

--- Actualización de códigos ---
Total: 4622 juegos (4622 procesados)
Actualizados: 29 | Sin cambios: 4448
No encontrado: 132 | Saltados: 13
Códigos nuevos: 51 | Movidos a expirados: 0
Tiempo: 150.4s | Concurrencia: 10

Juegos actualizados:
  1 Loot To Forge: 4→4 activos (=), 0→1 exp
  Anime Rng Defense: 5→5 activos (=), 78→83 exp
  Anime Vanguards: 16→16 activos (=), 193→194 exp
  Azure Latch: 50→50 activos (=), 97→98 exp
  Basketball Legends: 62→63 activos (+1), 138→137 exp
    Nuevos: SORRY
  Battle Minigames: 17→17 activos (=), 4→5 exp
  Brainrot Tower Defense: 10→10 activos (=), 31→32 exp
  Collect All Pets: 75→75 activos (=), 57→60 exp
  Dragon Blox: 59→59 activos (=), 179→181 exp
  Drift 36: 3→3 activos (=), 33→34 exp
  Drone Defense: 0→14 activos (+14), 22→8 exp
    Nuevos: BuggyCodes, CynWasHere, Ty4TenK, LevelRoad, 3MILLION, MerryChristmas, 4MILLION, 5MILLION, Bubbles, HeartBeat, 1MILLION, NAWHECHEATED, FixCodes!!!, 2MILLION
  Egg Farm Tycoon 2: 36→37 activos (+1), 2→1 exp
    Nuevos: OMELETEER777
  Fabled Legacy: 65→65 activos (=), 87→88 exp
  Ghoul Re: 41→41 activos (=), 184→185 exp
  Goalbound: 36→36 activos (=), 3→7 exp
  Grade Turbo: 2→2 activos (=), 10→11 exp
  Goofy Tower Defense: 23→38 activos (+15), 58→43 exp
    Nuevos: JustAverage100Subs, 3500LikesEpik, 2500LikesReal, RIPDj, Duckyyy, ThanksFor5k!, NewUi, Chad2kLikes, Epic2kLikes, ApproachingStorm, TheJ, 750LikesButFast, Late1k5Like, 1kLikesButDelayed, 4kLikesWithLittleDelay
  Grand Kaizen: 4→6 activos (+2), 4→2 exp
    Nuevos: BugFixes2, 15kLikes!
  Jujutsu Legacy: 41→45 activos (+4), 16→13 exp
    Nuevos: SorryForGiveSpecialClan, SorryShutdown, SorryForInfBugs
  Legacy Piece: 0→0 activos (=), 109→110 exp
  Lifting Heroes: 2→3 activos (+1), 4→3 exp
    Nuevos: xarkbestdev
  Mini City Tycoon: 4→4 activos (=), 4→5 exp
  Prove Mom Wrong By Being A Famous Streamer: 0→2 activos (+2), 2→0 exp
    Nuevos: Joined, Release
  Push Simulator: 22→24 activos (+2), 8→6 exp
    Nuevos: Get5Spins!, 1MVistsO
  Rock Mine Simulator: 11→12 activos (+1), 1→0 exp
    Nuevos: MINER
  Samurai Parallel: 0→5 activos (+5), 6→1 exp
    Nuevos: SUMMERTEST2024, FREETRIAL2, PYRAMIDSTUDIOS, FREETRIAL, SUBSCRIBE2OGVEXX
  Shuudan: 18→20 activos (+2), 36→34 exp
    Nuevos: HappyNewYears!, FIXEDGOALKEEPER
  Size Legends: 4→6 activos (+2), 3→1 exp
    Nuevos: DevFoll, Release
  Spin A Kitty: 25→25 activos (=), 22→23 exp

Detalle cambios:
data/games/codigos-1-loot-to-forge.json
data/games/codigos-anime-rng-defense.json
data/games/codigos-anime-vanguards.json
data/games/codigos-azure-latch.json
data/games/codigos-basketball-legends.json
data/games/codigos-battle-minigames.json
data/games/codigos-brainrot-tower-defense.json
data/games/codigos-collect-all-pets.json
data/games/codigos-dragon-blox.json
data/games/codigos-drift-36.json
data/games/codigos-drone-defense.json
data/games/codigos-egg-farm-tycoon-2.json
data/games/codigos-fabled-legacy.json
data/games/codigos-ghoul-re.json
data/games/codigos-goalbound.json
data/games/codigos-goofy-tower-defense.json
data/games/codigos-grade-turbo.json
data/games/codigos-grand-kaizen.json
data/games/codigos-jujutsu-legacy.json
data/games/codigos-legacy-piece.json
data/games/codigos-lifting-heroes.json
data/games/codigos-mini-city-tycoon.json
data/games/codigos-prove-mom-wrong-by-being-a-famous-streamer.json
data/games/codigos-push-simulator.json
data/games/codigos-rock-mine-simulator.json
data/games/codigos-samurai-parallel.json
data/games/codigos-shuudan.json
data/games/codigos-size-legends.json
data/games/codigos-spin-a-kitty.json
scripts/last-update.log
scripts/update-codes-report.log

Nuevos juegos:

