Total: 4622 juegos (4622 procesados)
Actualizados: 31 | Sin cambios: 4446
No encontrado: 132 | Saltados: 13
Códigos nuevos: 0 | Movidos a expirados: 138
Tiempo: 170.2s | Concurrencia: 10

Juegos actualizados:
  Anime Catcher Simulator: 21→19 activos (-2), 1→3 exp
  Anime Eternal: 174→175 activos (+1), 666→666 exp
  Anime Dungeon Fighters: 24→23 activos (-1), 7→8 exp
  Anime Swordsman: 1→0 activos (-1), 0→1 exp
  Basketball Stars 3: 39→20 activos (-19), 17→36 exp
  Bee Hive Kingdoms: 29→0 activos (-29), 7→36 exp
  Beyond Volleyball League: 5→4 activos (-1), 65→66 exp
  Better Meme: 3→2 activos (-1), 1→2 exp
  Clean The Golf Yard: 10→10 activos (=), 19→24 exp
  Defenders Depot 2: 17→14 activos (-3), 3→6 exp
  Head Tap: 36→33 activos (-3), 18→21 exp
  Hide Or Die: 15→7 activos (-8), 2→10 exp
  Iconic Battlegrounds: 10→0 activos (-10), 0→10 exp
  Immortality Incremental: 78→78 activos (=), 7→8 exp
  Kaiju Paradise: 21→19 activos (-2), 122→123 exp
  Mugen: 45→45 activos (=), 54→57 exp
  Murder Duels: 2→2 activos (=), 23→24 exp
  Murderthon: 4→0 activos (-4), 0→4 exp
  My Hero Battlegrounds: 15→13 activos (-2), 0→2 exp
  Paint Walls: 2→0 activos (-2), 0→2 exp
  Paradox: 16→0 activos (-16), 49→65 exp
  Power Up Soccer: 17→16 activos (-1), 2→3 exp
  Prism Runway Show: 29→29 activos (=), 1→2 exp
  Puppet: 3→0 activos (-3), 0→3 exp
  Rob A Convenience Store Simulator: 36→29 activos (-7), 2→9 exp
  Slashers Arena: 10→9 activos (-1), 1→2 exp
  Steal An Anime: 55→40 activos (-15), 26→41 exp
  Undertale Rng: 1→0 activos (-1), 95→96 exp
  Voxel Defenders Tower Defense: 14→10 activos (-4), 1→5 exp
  Yeet a Friend: 57→56 activos (-1), 17→18 exp
  Zombie Hunters: 13→12 activos (-1), 8→9 exp
